// Jest Snapshot v1, https://goo.gl/fbAQLP

exports[`Página de configuracao Página deve ser renderizada corretamente 1`] = `
<div>
  <form>
    <h1>
      Vamos começar !
    </h1>
    <input
      placeholder="Insira os nomes dos participantes"
      type="text"
      value=""
    />
    <button
      disabled=""
    >
      Adicionar
    </button>
    
  </form>
  <ul />
  <button
    disabled=""
  >
    Iniciar Brincadeira!
  </button>
</div>
`;
